// Jest Snapshot v1, https://goo.gl/fbAQLP

exports[`<App /> should render and match the snapshot 1`] = `
<styled.div>
  <Helmet
    defaultTitle="React.js Boilerplate"
    defer={true}
    encodeSpecialCharacters={true}
    titleTemplate="%s - React.js Boilerplate"
  >
    <meta
      content="A React.js Boilerplate application"
      name="description"
    />
  </Helmet>
  <Header />
  <Switch>
    <Route
      component={[Function]}
      exact={true}
      path="/"
    />
    <Route
      component={[Function]}
      path="/features"
    />
    <Route
      component={[Function]}
    />
  </Switch>
  <Footer />
  <GlobalStyleComponent />
</styled.div>
`;
